[0m17:21:46.121588 [debug] [MainThread]: Sending event: {'category': 'dbt', 'action': 'invocation', 'label': 'start', 'context': [<snowplow_tracker.self_describing_json.SelfDescribingJson object at 0x000001C4F41BABA0>, <snowplow_tracker.self_describing_json.SelfDescribingJson object at 0x000001C4F67D7ED0>, <snowplow_tracker.self_describing_json.SelfDescribingJson object at 0x000001C4F67D7C50>]}


============================== 17:21:46.129000 | 594743e9-af35-4c3f-b680-8c844e0fc0b3 ==============================
[0m17:21:46.129000 [info ] [MainThread]: Running with dbt=1.12.4
[0m17:21:46.130352 [debug] [MainThread]: running dbt with arguments {'static_parser': 'True', 'no_print': 'None', 'version_check': 'True', 'target_path': 'None', 'warn_error_options': 'WarnErrorOptionsV2(error=[], warn=[], silence=[])', 'maximum_seed_size_mib': '1', 'printer_width': '80', 'write_json': 'True', 'introspect': 'True', 'log_cache_events': 'False', 'empty': 'None', 'cache_selected_only': 'False', 'log_format': 'default', 'debug': 'False', 'fail_fast': 'False', 'profiles_dir': 'C:\\Users\\MonikaSaad\\.dbt', 'send_anonymous_usage_stats': 'True', 'quiet': 'False', 'warn_error': 'None', 'partial_parse': 'True', 'indirect_selection': 'eager', 'hints_enabled': 'True', 'use_colors': 'True', 'use_experimental_parser': 'False', 'invocation_command': 'dbt init ecommerce_dbt', 'log_path': 'logs'}
[0m17:21:46.151852 [info ] [MainThread]: Creating dbt configuration folder at C:\Users\MonikaSaad\.dbt
[0m17:21:46.156462 [debug] [MainThread]: Starter project path: C:\Users\MonikaSaad\Desktop\analytics-portfolio-pipeline\.venv\Lib\site-packages\dbt\include\starter_project
[0m17:21:46.190467 [info ] [MainThread]: Setting up your profile.
[0m17:24:20.006661 [debug] [MainThread]: Snowflake adapter: Setting snowflake.connector to ERROR (file logging only)
[0m17:24:20.007373 [debug] [MainThread]: Snowflake adapter: Setting botocore to ERROR (file logging only)
[0m17:24:20.007864 [debug] [MainThread]: Snowflake adapter: Setting boto3 to ERROR (file logging only)
[0m17:25:53.382532 [info ] [MainThread]: Profile ecommerce_dbt written to C:\Users\MonikaSaad\.dbt\profiles.yml using target's profile_template.yml and your supplied values.
[0m17:25:53.386299 [info ] [MainThread]: Running dbt debug to validate the project...
[0m17:25:53.387641 [info ] [MainThread]: dbt version: 1.12.4
[0m17:25:53.388523 [info ] [MainThread]: python version: 3.13.15
[0m17:25:53.389189 [info ] [MainThread]: python path: C:\Users\MonikaSaad\Desktop\analytics-portfolio-pipeline\.venv\Scripts\python.exe
[0m17:25:53.389828 [info ] [MainThread]: os info: Windows-11-10.0.26200-SP0
[0m17:25:53.442614 [info ] [MainThread]: Using profiles dir at C:\Users\MonikaSaad\.dbt
[0m17:25:53.443345 [info ] [MainThread]: Using profiles.yml file at C:\Users\MonikaSaad\.dbt\profiles.yml
[0m17:25:53.443920 [info ] [MainThread]: Using dbt_project.yml file at C:\Users\MonikaSaad\Desktop\analytics-portfolio-pipeline\ecommerce_dbt\dbt_project.yml
[0m17:25:53.445371 [info ] [MainThread]: adapter type: snowflake
[0m17:25:53.445861 [info ] [MainThread]: adapter version: 1.12.0
[0m17:25:53.525027 [info ] [MainThread]: Configuration:
[0m17:25:53.525697 [info ] [MainThread]:   profiles.yml file [[32mOK found and valid[0m]
[0m17:25:53.526335 [info ] [MainThread]:   dbt_project.yml file [[32mOK found and valid[0m]
[0m17:25:53.527048 [info ] [MainThread]: Required dependencies:
[0m17:25:53.527683 [debug] [MainThread]: Executing "git --help"
[0m17:25:53.625958 [debug] [MainThread]: STDOUT: "b"usage: git [-v | --version] [-h | --help] [-C <path>] [-c <name>=<value>]\n           [--exec-path[=<path>]] [--html-path] [--man-path] [--info-path]\n           [-p | --paginate | -P | --no-pager] [--no-replace-objects] [--no-lazy-fetch]\n           [--no-optional-locks] [--no-advice] [--bare] [--git-dir=<path>]\n           [--work-tree=<path>] [--namespace=<name>] [--config-env=<name>=<envvar>]\n           <command> [<args>]\n\nThese are common Git commands used in various situations:\n\nstart a working area (see also: git help tutorial)\n   clone      Clone a repository into a new directory\n   init       Create an empty Git repository or reinitialize an existing one\n\nwork on the current change (see also: git help everyday)\n   add        Add file contents to the index\n   mv         Move or rename a file, a directory, or a symlink\n   restore    Restore working tree files\n   rm         Remove files from the working tree and from the index\n\nexamine the history and state (see also: git help revisions)\n   bisect     Use binary search to find the commit that introduced a bug\n   diff       Show changes between commits, commit and working tree, etc\n   grep       Print lines matching a pattern\n   log        Show commit logs\n   show       Show various types of objects\n   status     Show the working tree status\n\ngrow, mark and tweak your common history\n   backfill   Download missing objects in a partial clone\n   branch     List, create, or delete branches\n   commit     Record changes to the repository\n   history    EXPERIMENTAL: Rewrite history\n   merge      Join two or more development histories together\n   rebase     Reapply commits on top of another base tip\n   reset      Set `HEAD` or the index to a known state\n   switch     Switch branches\n   tag        Create, list, delete or verify tags\n\ncollaborate (see also: git help workflows)\n   fetch      Download objects and refs from another repository\n   pull       Fetch from and integrate with another repository or a local branch\n   push       Update remote refs along with associated objects\n\n'git help -a' and 'git help -g' list available subcommands and some\nconcept guides. See 'git help <command>' or 'git help <concept>'\nto read about a specific subcommand or concept.\nSee 'git help git' for an overview of the system.\n""
[0m17:25:53.626856 [debug] [MainThread]: STDERR: "b''"
[0m17:25:53.627651 [info ] [MainThread]:  - git [[32mOK found[0m]

[0m17:25:53.628284 [info ] [MainThread]: Connection:
[0m17:25:53.628617 [info ] [MainThread]:   account: SDQVLVP-VO13482
[0m17:25:53.628887 [info ] [MainThread]:   user: MONIKA994
[0m17:25:53.629138 [info ] [MainThread]:   database: ANALYTICS_DB
[0m17:25:53.629378 [info ] [MainThread]:   warehouse: COMPUTE_WH
[0m17:25:53.629612 [info ] [MainThread]:   role: ACCOUNTADMIN
[0m17:25:53.629857 [info ] [MainThread]:   schema: RAW
[0m17:25:53.630090 [info ] [MainThread]:   authenticator: None
[0m17:25:53.630329 [info ] [MainThread]:   oauth_client_id: None
[0m17:25:53.630559 [info ] [MainThread]:   query_tag: None
[0m17:25:53.630787 [info ] [MainThread]:   client_session_keep_alive: False
[0m17:25:53.631017 [info ] [MainThread]:   host: None
[0m17:25:53.631237 [info ] [MainThread]:   port: None
[0m17:25:53.631456 [info ] [MainThread]:   proxy_host: None
[0m17:25:53.631678 [info ] [MainThread]:   proxy_port: None
[0m17:25:53.631908 [info ] [MainThread]:   protocol: None
[0m17:25:53.632129 [info ] [MainThread]:   connect_retries: 1
[0m17:25:53.632346 [info ] [MainThread]:   connect_timeout: None
[0m17:25:53.632568 [info ] [MainThread]:   retry_on_database_errors: False
[0m17:25:53.632789 [info ] [MainThread]:   retry_all: False
[0m17:25:53.633007 [info ] [MainThread]:   insecure_mode: False
[0m17:25:53.633379 [info ] [MainThread]:   reuse_connections: True
[0m17:25:53.633970 [info ] [MainThread]:   s3_stage_vpce_dns_name: None
[0m17:25:53.634734 [info ] [MainThread]:   workload_identity_provider: None
[0m17:25:53.635385 [info ] [MainThread]:   workload_identity_entra_resource: None
[0m17:25:53.635950 [info ] [MainThread]:   platform_detection_timeout_seconds: 0.0
[0m17:25:53.636726 [info ] [MainThread]: Registered adapter: snowflake=1.12.0
[0m17:25:54.069662 [debug] [MainThread]: Acquiring new snowflake connection 'debug'
[0m17:25:54.071512 [debug] [MainThread]: Using snowflake connection "debug"
[0m17:25:54.071767 [debug] [MainThread]: On debug: select 1 as id
[0m17:25:54.071977 [debug] [MainThread]: Opening a new connection, currently in state init
[0m17:25:54.776128 [debug] [MainThread]: Snowflake adapter: Error running SQL: select 1 as id
[0m17:25:54.776795 [debug] [MainThread]: Snowflake adapter: Rolling back transaction.
[0m17:25:54.777407 [info ] [MainThread]:   Connection test: [[31mERROR[0m]

[0m17:25:54.778352 [info ] [MainThread]: [31m1 check failed:[0m
[0m17:25:54.779162 [info ] [MainThread]: dbt was unable to connect to the specified database.
The database returned the following error:

  >Database Error
  390100 (28000): Failed to connect to DB: SDQVLVP-VO13482.snowflakecomputing.com:443. Incorrect username or password was specified. [6633ae13-effe-41bb-a09b-86d42556d970]

Check your database credentials and try again. For more information, visit:
https://docs.getdbt.com/docs/configure-your-profile


[0m17:25:54.780013 [info ] [MainThread]: Your new dbt project "ecommerce_dbt" was created!
Initialized new project in C:\Users\MonikaSaad\Desktop\analytics-portfolio-pipeline\ecommerce_dbt\ecommerce_dbt

For more information on how to configure the profiles.yml file,
please consult the dbt documentation here:

  https://docs.getdbt.com/docs/configure-your-profile

One more thing:

Need help? Don't hesitate to reach out to us via GitHub issues or on Slack:

  https://community.getdbt.com/

Happy modeling!

[0m17:25:54.780889 [info ] [MainThread]: [31mYour profile may need adjustments. You can find the logs of `dbt debug` above[0m
[0m17:25:54.782896 [debug] [MainThread]: Command `dbt init` succeeded at 17:25:54.782655 after 248.94 seconds
[0m17:25:54.783673 [debug] [MainThread]: Connection 'debug' was left open.
[0m17:25:54.784173 [debug] [MainThread]: On debug: No close available on handle
[0m17:25:54.784649 [debug] [MainThread]: Sending event: {'category': 'dbt', 'action': 'invocation', 'label': 'end', 'context': [<snowplow_tracker.self_describing_json.SelfDescribingJson object at 0x000001C4A4392B10>, <snowplow_tracker.self_describing_json.SelfDescribingJson object at 0x000001C4F67856D0>, <snowplow_tracker.self_describing_json.SelfDescribingJson object at 0x000001C4A4777790>]}
[0m17:25:54.785326 [debug] [MainThread]: Flushing usage events
[0m17:25:56.128051 [debug] [MainThread]: An error was encountered while trying to flush usage events
